---
source: crates/retiretui/src/commands/tui/frames.rs
expression: composed_frame(app)
---
╭──────────╮╭────────╮╭─────────╮╭───────╮╭──────╮                                                                              
│1 Overview││2 Ledger││3 Compare││4 Tools││5 Plan│                                                         full.toml ● 3 issues 
╯          ╰┴────────┴┴─────────┴┴───────┴┴──────┴──────────────────────────────────────────────────────────────────────────────
 Money lasts                     Success                         Ends with                       Lifetime taxes                 
 Never short                     100% of 20                      $2.09M                          $697k                          
╭ Milestones ──────────────────────────────────────────────────╮╭ Needs attention ─────────────────────────────────────────────╮
│▏ 2032 inheritance arrives                                   ▲││▏ 3 issues · Settings › Inflation: must be between -0.1 and   │
│  2037 retire                                                █││    0.5                                                       │
│  2037 db-pension starts                                     ║││  Fails from a 1968 start · 23 of 155 fail                    │
│  2037 401k-deferral ends                                    ▼││                                                              │
╰──────────────────────────────────────────────────────────────╯╰──────────────────────────────────────────────────────────────╯
╭ Balances by tax treatment · today's dollars ─────────────────────────────╮╭ 2026 · to do · in that year's dollars ───────────╮
│2.20M│┊            ⢀⣀⣀⣀⣀                                        ⢀⣀⣀⣀⣀⣀⡠⠤⠤⠤││▏ Contribute $32,000 to fid-401k ($24,000 yours,  │
│     │┊         ⢀⡠⠊⠁▓┊▓▓⠉⠑⠒⠒⠒⠒⠒⠒⠒⠢⠤⠤⠤⠤⠤⠤⠤⠤⠤⠤⠤⠤⠤⠤⠤⠤⠤⠤⠒⠒⠒⠒⠒⠒⠒⠉⠉⠉⠉⠉⠁▓▓▓▓▓▓▓▒▒││    $8,000 employer)                              │
│     │┊       ⡔⠊⠁▓▓▓▓┊▓▓▓▓▓▓▓▓▒▒▒▒▒▒▒▒▒▒▒▒▒▒▒▒▒▒▒▒▒▒▒▒▒▒▒▒▒▒▒▒▒▒▒▒▒▒▒▒▒▒▒▒││  Contribute $8,000 to hsa                        │
│     │┊   ⢀⡠⠔⠊▓▓▓▓▓▓▓┊▓▓▒▒▒▒▒▒▒▒▒▒▒▒▒▒▒▒▒▒▒▒▒▒▒▒▒▒▒▒▒▒▒▒▒▒▒▒▒▒▒▒▒▒▒▒▒▒▒▒▒▒││  Save the unspent $9,020 in cash                 │
│     │┊⣀⠤⠒⠁▓▓▓▓▓▓▓▓▒▒┊░░░░░░░░░░░░▒▒▒▒▒▒▒▒▒▒▒▒▒▒▒▒▒▒▒▒▒▒▒▒▒▒▒▒▒▒▒▒▒▒▒▒▒▒▒▒││                                                  │
│     │⠉▓▓▓▓▓▓▓▓▒▒░░░░┊░░░░░░░░░░░░░░░░░░░░░░░░▒▒▒▒▒▒▒▒▒▒▒▒▒▒▒▒▒▒▒▒▒▒▒▒▒▒▒▒││                                                  │
│     │┊▓▓▓▒▒░░░░░░░░░┊░░░░░░░░░░░░░░░░░░░░░░░░░░░░░░░░░░░░░░░░░▒▒▒▒▒▒▒▒▒▒▒││                                                  │
│     │┊░░░░░░░░░░░░░░┊░░░░░░░░░░░░░░░░░░░░░░░░░░░░░░░░░░░░░░░░░░░░░░░░░░░░││                                                  │
╭ Issues ──────────────────────────────────────────────────────────────────────────────────────────────────────────────────────╮
│▌ Settings › Inflation: must be between -0.1 and 0.5                                                                          │
│  Accounts › brokerage › Balance: must not be negative                                                                        │
│  Accounts › brokerage › Basis: must not exceed the balance                                                                   │
│                                                                                                                              │
│                                                                                                                              │
│                                                                                                                              │
│                                                                                                                              │
│                                                                        ╭────────────────────────────────────────────────────╮│
│                                                                        │ Settings › Inflation: must be between -0.1 and 0.5 ││
╰────────────────────────────────────────────────────────────────────────╰────────────────────────────────────────────────────╯╯
 ⏎ go  esc close
