---
source: crates/retiretui/src/commands/tui/frames.rs
assertion_line: 44
expression: composed_frame(app)
---
╭──────────╮╭────────╮╭─────────╮╭───────╮╭──────╮                                                                                                                                                      
│1 Overview││2 Ledger││3 Compare││4 Tools││5 Plan│                                                                                                                                          full.toml ● 
┴──────────┴┴────────┴┴─────────┴┴───────┴╯      ╰──────────────────────────────────────────────────────────────────────────────────────────────────────────────────────────────────────────────────────
╭ Plan ─────────────╮╭ Accounts ────────────────────────────────────────────────────────────────────────────────────────────────────────────────────────────────────╮ ╭ Account ───────────────────────╮
│▏ Accounts       7 ││  Account              Type              Owner           Balance                                                                              │ │                                │
│  Income         4 ││▌ cash                 Cash              jordan          $40,000                                                                              │ │▏ ID               cash         │
│  Expenses       2 ││  brokerage            Brokerage         jordan         $300,000                                                                              │ │  Name                          │
│  Cliffs         0 ││  fid-401k             401(k)            jordan         $450,000                                                                              │ │  Type             Cash         │
│  Transfers      1 ││  roth-ira             IRA               jordan          $90,000                                                                              │ │  Owner            jordan       │
│  Conversions    1 ││  rollover-ira         IRA               jordan               $0                                                                              │ │  Balance          $40,000      │
│  Contributions  3 ││  hsa                  HSA               alex            $25,000                                                                              │ │  Invested         Fixed return │
│  Events         1 ││  pension-dc           414(k)            jordan          $60,000                                                                              │ │  Expected return               │
│  People         2 ││                                                                                                                                              │ │  Locked until     Never        │
│  Residency      1 ││                                                                                                                                              │ │  Drain priority                │
│  Household        ││                                                                                                                                              │ │                                │
│  Settings         ││                                                                                                                                              │ │                                │
│  Market           ││                                                                                                                                              │ │                                │
│                   ││                                                                                                                                              │ │                                │
│                   ││                                                                                                                                              │ │                                │
│                   ││                                                                                                                                              │ │                                │
│                   ││                                                                                                                                              │ │                                │
│                   ││                                                                                                                                              │ │                                │
│                   ││                                                                                                                                              │ │                                │
│                   ││                                                                                                                                              │ │                                │
│                   ││                                                                                                                                              │ │                                │
│                   ││                                                                                                                                              │ │                                │
│                   ││                                                                                                                                              │ │                                │
│                   ││                                                                                                                                              │ │                                │
│                   ││                                                                                                                                              │ │                                │
│                   ││                                                                                                                                              │ │                                │
│                   ││                                                                                                                                              │ │                                │
│                   ││                                                                                                                                              │ │                                │
│                   ││                                                                                                                                              │ │                                │
│                   ││                                                                                                                                              │ │                                │
│                   ││                                                                                                                                              │ │                                │
│                   ││                                                                                                                                              │ │                                │
│                   ││                                                                                                                                              │ │                                │
│                   ││                                                                                                                                              │ │                                │
│                   ││                                                                                                                                              │ │                                │
│                   ││                                                                                                                                              │ │                                │
│                   ││                                                                                                                                              │ │                                │
│                   ││                                                                                                                                              │ │                                │
│                   ││                                                                                                                                              │ │                                │
│                   ││                                                                                                                                              │ │                                │
│                   ││                                                                                                                                              │ │                                │
│                   ││                                                                                                                                              │ │                                │
│                   ││                                                                                                                                              │ │                                │
│                   ││                                                                                                                                              │ │                                │
│                   ││                                                                                                                                              │ │                                │
│                   ││                                                                                                                                              │ │                                │
│                   ││                                                                                                                                              │ │                                │
│                   ││                                                                                                                                              │ │                                │
│                   ││  [ + Add Account ]                                                                                                                           │ │                                │
╰───────────────────╯╰──────────────────────────────────────────────────────────────────────────────────────────────────────────────────────────────────────────────╯ ╰────────────────────────────────╯
 ⏎ edit  ← domains  ⇥ pane  a add  d delete  ctrl-s save  r reload  q quit  ctrl-↓ tab  n dollars                                                                                    : commands  ? help
