---
source: crates/retiretui/src/commands/tui/frames.rs
assertion_line: 44
expression: composed_frame(app)
---
╭──────────╮╭────────╮╭─────────╮╭───────╮╭──────╮                                                                                                                                                      
│1 Overview││2 Ledger││3 Compare││4 Tools││5 Plan│                                                                                                                                          full.toml ● 
┴──────────┴╯        ╰┴─────────┴┴───────┴┴──────┴──────────────────────────────────────────────────────────────────────────────────────────────────────────────────────────────────────────────────────
╭ Ledger ──────────────────────────────────────────────────────────────────────────────────────────────────────────────────────────────────────────────────────────────────────────────────────────────╮
│  Year  Age                 Income             Spending                 Tax           Withdrawn              Taxable            Deferred                Roth                  HSA           Net worth▲│
│▌ 2026  51/47             $150,000              $90,000             $18,980                  $0             $364,020            $572,000             $95,400              $34,250          $1,065,670█│
│  2027  52/48             $150,000              $90,000             $18,980                  $0             $379,528            $622,917             $98,658              $43,086          $1,144,188█│
│  2028  53/49             $150,000              $90,000             $18,979                  $0             $395,033            $675,558            $102,026              $52,137          $1,224,754█│
│  2029  54/50             $150,000              $90,000             $18,980                  $0             $410,544            $729,980            $105,509              $61,408          $1,307,442█│
│  2030  55/51             $150,000              $90,000             $18,979                  $0             $426,069            $786,247            $109,112              $70,907          $1,392,336█│
│  2031  56/52             $150,000              $90,000             $18,980                  $0             $441,618            $844,418            $112,837              $80,636          $1,479,509█│
│  2032  57/53             $250,000              $90,000             $18,979                  $0             $557,200            $904,560            $116,690              $90,603          $1,669,053█│
│  2033  58/54             $150,000              $90,000             $18,980                  $0             $570,387            $966,736            $120,675             $100,813          $1,758,611█│
│  2034  59/55             $150,000              $90,000             $18,979                  $0             $583,685          $1,031,019            $124,796             $111,272          $1,850,772█│
│  2035  60/56             $150,000              $90,000             $18,980                  $0             $597,102          $1,097,479            $129,057             $121,986          $1,945,624█│
│  2036  61/57             $150,000              $90,000             $18,980                  $0             $610,645          $1,166,191            $133,465             $132,962          $2,043,262█│
│  2037  62/58              $22,864              $90,000                $835             $99,971             $515,333          $1,207,230            $168,022             $144,205          $2,034,790█│
│  2038  63/59              $22,307             $105,000              $5,442             $88,135             $434,659          $1,217,651            $203,760             $147,722          $2,003,792█│
│  2039  64/60              $21,763             $105,000              $9,706             $92,944             $351,632          $1,228,409            $240,718             $151,324          $1,972,083█│
│  2040  65/61              $21,232             $105,001             $10,584             $94,353             $265,856          $1,239,514            $278,937             $155,015          $1,939,322█│
│  2041  66/62              $20,714             $105,000             $10,660             $94,946             $177,394          $1,250,978            $318,462             $158,796          $1,905,630█│
│  2042  67/63              $43,542             $105,001             $11,643             $73,102             $108,619          $1,262,812            $359,336             $162,669          $1,893,436█│
│  2043  68/64              $59,716             $105,000             $12,400             $57,684              $53,584          $1,275,029            $401,607             $166,636          $1,896,856█│
│  2044  69/65              $59,235             $105,000             $13,005             $58,770                   $0          $1,283,761            $445,321             $170,701          $1,899,782█│
│  2045  70/66              $58,766             $105,000             $25,830             $72,065                   $0          $1,224,584            $490,527             $174,864          $1,889,975█│
│  2046  71/67              $58,308             $105,000             $25,829             $72,520                   $0          $1,162,907            $537,276             $179,129          $1,879,313║│
│  2047  72/68              $57,861             $105,000             $25,829             $72,968                   $0          $1,098,654            $585,622             $183,498          $1,867,774║│
│  2048  73/69              $57,426             $105,000             $15,220             $62,794                   $0          $1,072,356            $605,619             $187,974          $1,865,948║│
│  2049  74/70              $57,001             $105,000             $15,220             $63,220                   $0          $1,044,709            $626,298             $192,559          $1,863,566║│
│  2050  75/71              $56,586             $105,000             $15,220             $63,634                   $0          $1,015,678            $647,684             $197,255          $1,860,618║│
│  2051  76/72              $56,182             $105,000             $15,221             $64,039                   $0            $985,268            $669,800             $202,067          $1,857,135║│
│  2052  77/73              $55,787             $105,000             $15,220             $64,433                   $0            $953,443            $692,671             $206,995          $1,853,109║│
│  2053  78/74              $55,402             $105,000             $15,220             $64,818                   $0            $920,164            $716,324             $212,044          $1,848,531║│
│  2054  79/75              $55,026             $105,000             $15,220             $65,194                   $0            $885,393            $740,783             $217,216          $1,843,392║│
│  2055  80/76              $54,660             $105,000             $15,220             $65,561                   $0            $849,090            $766,078             $222,514          $1,837,682║│
│  2056  81/77              $54,302              $90,000             $11,293             $46,991                   $0            $830,142            $792,237             $227,941          $1,850,319▼│
╰──────────────────────────────────────────────────────────────────────────────────────────────────────────────────────────────────────────────────────────────────────────────────────────────────────╯
╭ 2026 Flows · today's dollars ──────────────────────────────────────────────────────────────────────────────────────────────────────────────────────────────────────────╮╭ Income & Tax ──────────────╮
│  Account            Open In                                                           Out                                                              Growth    Close ││                    Amount  │
│▏ cash            $40,000 +$9,020 surplus                                                                                                                       $49,020 ││▏ salary          $150,000  │
│  brokerage      $300,000                                                                                                                             +$15,000 $315,000 ││                            │
│  fid-401k       $450,000 +$24,000 yours                                                                                                              +$27,000 $509,000 ││  Spending         $90,000  │
│                          +$8,000 employer                                                                                                                              ││  Ordinary tax      $9,800  │
│  roth-ira        $90,000                                                                                                                              +$5,400  $95,400 ││  State tax         $9,180  │
│  hsa             $25,000 +$8,000 yours                                                                                                                +$1,250  $34,250 ││  Capital gains         $0  │
│  pension-dc      $60,000                                                                                                                              +$3,000  $63,000 ││  Penalties             $0  │
│                                                                                                                                                                        ││  Medicare              $0  │
│                                                                                                                                                                        ││  Surplus           $9,020  │
│                                                                                                                                                                        ││  Unfunded              $0  │
│                                                                                                                                                                        ││                            │
│                                                                                                                                                                        ││                            │
│                                                                                                                                                                        ││                            │
│                                                                                                                                                                        ││                            │
╰────────────────────────────────────────────────────────────────────────────────────────────────────────────────────────────────────────────────────────────────────────╯╰────────────────────────────╯
 ⇥ pane  ctrl-s save  r reload  q quit  ctrl-↓ tab  n dollars                                                                                                                        : commands  ? help
