---
source: crates/retiretui/src/commands/tui/frames.rs
expression: composed_frame(app)
---
╭──────────╮╭────────╮╭─────────╮╭───────╮╭──────╮                                                                                                                                                      
│1 Overview││2 Ledger││3 Compare││4 Tools││5 Plan│                                                                                                                                          full.toml ● 
┴──────────┴┴────────┴┴─────────┴┴───────┴╯      ╰──────────────────────────────────────────────────────────────────────────────────────────────────────────────────────────────────────────────────────
╭ Plan ─────────────╮╭ Transfers ──────────────────────────────────────────────────────────────────────────────────────────────────────────────────────────────────────────────────────────────────────╮
│  Accounts       7 ││  Transfer            From               To                   When                                  Amount                                                                       │
│  Income         4 ││▌ dc-rollover         pension-dc         rollover-ira         when db-pension starts         Whole balance                                                                       │
│  Expenses       2 ││                                                                                                                                                                                 │
│  Cliffs         0 ││                                                                                                                                                                                 │
│▏ Transfers      1 ││                                                                                                                                                                                 │
│  Conversions    1 ││                                                                                                                                                                                 │
│  Contributions  3 ││                                                                                                                                                                                 │
│  Events         1 ││                                                                                                                                                                                 │
│  People         2 ││                                                                                                                                                                                 │
│  Residency      1 ││                                                                                                                                                                                 │
│  Household        ││                                                                                                                                                                                 │
│  Settings         ││                                                                                                                                                                                 │
│  Market           ││                                                                                                                                                                                 │
│                   ││                                                                                                                                                                                 │
│                   ││                                                                                                                                                                                 │
│                   ││                                                                                                                                                                                 │
│                   ││                                                                                                                                                                                 │
│                   ││                                                                                                                                                                                 │
│                   ││                                                                                                                                                                                 │
│                   ││                                                                                                                                                                                 │
│                   ││                                                                                                                                                                                 │
│                   ││                                                                                                                                                                                 │
│                   ││                                                                                                                                                                                 │
│                   ││                                                                                                                                                                                 │
│                   ││                                                                                                                                                                                 │
│                   ││                                                                                                                                                                                 │
│                   ││                                                                                                                                                                                 │
│                   ││                                                                                                                                                                                 │
│                   ││                                                                                                                                                                                 │
│                   ││                                                                                                                                                                                 │
│                   ││                                                                                                                                                                                 │
│                   ││                                                                                                                                                                                 │
│                   ││                                                                                                                                                                                 │
│                   ││                                                                                                                                                                                 │
│                   ││                                                                                                                                                                                 │
│                   ││                                                                                                                                                                                 │
│                   ││                                                                                                                                                                                 │
│                   ││                                                                                                                                                                                 │
│                   ││                                                                                                                                                                                 │
│                   ││                                                                                                                                                                                 │
│                   ││                                                                                                                                                                                 │
│                   ││                                                                                                                                                                                 │
│                   ││                                                                                                                                                                                 │
│                   ││                                                                                                                                                                                 │
│                   ││                                                                                                                                                                                 │
│                   ││                                                                                                                                                                                 │
│                   ││                                                                                                                                                                                 │
│                   ││                                                                                                                                                                                 │
│                   ││  [ + Add Transfer ]                                                                                                                                                             │
╰───────────────────╯╰─────────────────────────────────────────────────────────────────────────────────────────────────────────────────────────────────────────────────────────────────────────────────╯
 ⏎ edit  ← domains  ⇥ pane  a add  d delete  ctrl-s save  r reload  q quit  ctrl-↓ tab  n toggle dollars                                                                             : commands  ? help
