---
source: crates/retiretui/src/commands/tui/frames.rs
assertion_line: 44
expression: composed_frame(app)
---
╭──────────╮╭────────╮╭─────────╮╭───────╮╭──────╮                                                                              
│1 Overview││2 Ledger││3 Compare││4 Tools││5 Plan│                                                                  full.toml ● 
┴──────────┴┴────────┴┴─────────┴╯       ╰┴──────┴──────────────────────────────────────────────────────────────────────────────
╭ Tools ────────────╮╭ People ────────────────────────────────────────────╮╭ Claim Options ────────────────────────────────────╮
│  Roth Conversions ││  Person   Record  Income  62  FRA  70              ││no social-security income computes its benefit,    │
│▏ SSA Benefits     ││▌ jordan     none   typed   -    -   -              ││and no one without one has an earnings record      │
│  Monte Carlo      ││  alex       none    none   -    -   -              ││                                                   │
│  Historical       ││                                                    ││                                                   │
│                   ││                                                    ││                                                   │
│                   ││                                                    ││                                                   │
│                   ││                                                    ││                                                   │
│                   ││                                                    ││                                                   │
│                   ││                                                    ││                                                   │
│                   ││                                                    ││                                                   │
│                   ││                                                    ││                                                   │
│                   ││                                                    ││                                                   │
│                   ││                                                    ││                                                   │
│                   ││                                                    ││                                                   │
│                   ││                                                    ││                                                   │
│                   ││                                                    ││                                                   │
│                   ││                                                    ││                                                   │
│                   ││                                                    ││                                                   │
│                   ││                                                    ││                                                   │
│                   ││                                                    ││                                                   │
│                   ││                                                    ││                                                   │
│                   ││                                                    ││                                                   │
│                   ││                                                    ││                                                   │
│                   ││                                                    ││                                                   │
│                   ││                                                    ││                                                   │
│                   │╰────────────────────────────────────────────────────╯╰───────────────────────────────────────────────────╯
╰───────────────────╯alex has no earnings record: ⏎ on alex to import a statement or estimate one from their salary.            
 ↑↓ person  ⏎ actions  ⇥ pane  e statement  c career  k compute  ctrl-s save  r reload  q quit  ctrl-↓ tab   : commands  ? help
