---
source: crates/retiretui/src/commands/tui/frames.rs
assertion_line: 44
expression: composed_frame(app)
---
╭──────────╮╭────────╮╭─────────╮╭───────╮╭──────╮                                                                                                                                                      
│1 Overview││2 Ledger││3 Compare││4 Tools││5 Plan│                                                                                                                                          full.toml ● 
╯          ╰┴────────┴┴─────────┴┴───────┴┴──────┴──────────────────────────────────────────────────────────────────────────────────────────────────────────────────────────────────────────────────────
 Money lasts                                       Success                                           Ends with                                         Lifetime taxes                                   
 Never short                                       99.7% of 1,000                                    $2.09M                                            $697k                                            
╭ Milestones ──────────────────────────────────────────────────────────────────────────────────────╮╭ Needs attention ─────────────────────────────────────────────────────────────────────────────────╮
│▏ 2032 inheritance arrives                                                                       ▲││▏ Fails from a 1968 start · 23 of 155 fail                                                        │
│  2037 retire                                                                                    █││                                                                                                  │
│  2037 db-pension starts                                                                         █││                                                                                                  │
│  2037 401k-deferral ends                                                                        █││                                                                                                  │
│  2037 401k-match ends                                                                           █││                                                                                                  │
│  2037 hsa-deferral ends                                                                         █││                                                                                                  │
│  2040 Medicare · jordan                                                                         ║││                                                                                                  │
│  2042 Social Security · jordan, $40k a year                                                     ▼││                                                                                                  │
╰──────────────────────────────────────────────────────────────────────────────────────────────────╯╰──────────────────────────────────────────────────────────────────────────────────────────────────╯
╭ Income against taxes · today's dollars ──────────────────────────────────────────────────────────────────────────────╮╭ 2026 · to do · in that year's dollars ───────────────────────────────────────╮
│262k│┊                         ┊                                                                              ┌──────┐││▏ Contribute $32,000 to fid-401k ($24,000 yours, $8,000 employer)             │
│    │┊             ⡆           ┊                                                                              │income│││  Contribute $8,000 to hsa                                                    │
│    │┊            ⢰⢱           ┊                                                                              │taxes │││  Save the unspent $9,020 in cash                                             │
│    │┊            ⢸⢸           ┊                                                                              └──────┘││                                                                              │
│    │┊            ⡎⠈⡆          ┊                                                                                      ││                                                                              │
│    │┊            ⡇ ⡇          ┊                                                                                      ││                                                                              │
│    │┊           ⢸  ⢸          ┊                                                                                      ││                                                                              │
│    │┊           ⡸  ⠸⡀         ┊                                                                                      ││                                                                              │
│    │┊           ⡇   ⡇         ┊                                                                                      ││                                                                              │
│    │┊          ⢀⠇   ⢇         ┊                                                                                      ││                                                                              │
│    │⠤⠤⠤⠤⠤⠤⠤⠤⠤⠤⠤⠼    ⠸⠤⠤⠤⠤⠤⠤⢤  ┊                                                                                      ││                                                                              │
│    │┊                      ⠸⡀ ┊                                                                                      ││                                                                              │
│    │┊                       ⡇ ┊                                                                                      ││                                                                              │
│    │┊                       ⡇ ┊                                                                                      ││                                                                              │
│    │┊                       ⢱ ┊                                                                                      ││                                                                              │
│    │┊                       ⢸ ┊                                                                                      ││                                                                              │
│    │┊                       ⠸⡀┊                                                                                      ││                                                                              │
│    │┊                        ⡇┊                                                                                      ││                                                                              │
│    │┊                        ⡇┊                                                                                      ││                                                                              │
│    │┊                        ⢸┊            ⡰⠉⠑⠒⠒⠒⠒⠒⠒⠒⠒⠒⠒⠒⠤⠤⠤⠤⠤⠤⠤⠤⠤⠤⠤⠤⠤⠤⠤⠤⢄⣀⣀⣀⣀⣀⣀⣀⣀⣀⣀⣀⣀⣀⣀⣀⣀⣀⣀⣀⣀⡀                      ││                                                                              │
│    │┊                        ⢸┊          ⢀⠎                                                   ⠈⠉⠉⠉⠉⠉⠉⠉⠉⠉⠉⠉⠉⠉⠉⠉⠉⠉⠉⠉⠉⠉⠉││                                                                              │
│    │┊                        ⠘⡄         ⢠⠃                                                                           ││                                                                              │
│    │┊                         ⠧⢄⣀⣀⣀⣀⣀⣀⣀⡰⠁      ⢀⠔⠒⠒⠒⠒⠢⣀                                                              ││                                                                              │
│    │⠉⠉⠉⠉⠉⠉⠉⠉⠉⠉⠉⠉⠉⠉⠉⠉⠉⠉⠉⠉⠉⠉⠉⠉⢆ ┊   ⣀⣀⣀⣀⣀⣀⣀⣀⣀⠤⠤⠤⠔⠁       ⠑⠒⠒⠒⠒⠒⠒⠒⠒⠒⠒⠒⠒⠒⠒⠒⠒⠒⠤⣀⣀⣀⣀⣀⣀⣀⣀⣀⣀⣀⣀⣀⣀⣀⣀⣀⣀⣀⣀⣀⣀⣀⣀⣀⣀⣀⣀⣀⣀⣀⣀⣀⣀⣀⣀⣀⣀⣀⣀⣀⣀⣀││                                                                              │
│0   │┊                        ⠱⣀⠤⠒⠉                                                                                   ││                                                                              │
│    └─────────────────────────────────────────────────────────────────────────────────────────────────────────────────││                                                                              │
│ 2026                     retire 2037                      2050                                                   2074││                                                                              │
╰──────────────────────────────────────────────────────────────────────────────────────────────────────────────────────╯╰──────────────────────────────────────────────────────────────────────────────╯
╭ Could do better ─────────────────────────────────────────────────────────────────────────────────────────────────────────────────────────────────────────────────────────────────────────────────────╮
│▏ jordan: convert to 22%, ends +$56k                                                                                                                                                                  │
│                                                                                                                                                                                                      │
│                                                                                                                                                                                                      │
│                                                                                                                                                                                                      │
│                                                                                                                                                                                                      │
│                                                                                                                                                                                                      │
│                                                                                                                                                                                                      │
│                                                                                                                                                                                                      │
╰──────────────────────────────────────────────────────────────────────────────────────────────────────────────────────────────────────────────────────────────────────────────────────────────────────╯
 ⏎ markets  ←→ year  ⇥ pane  v chart  e edit  ctrl-s save  r reload  q quit  ctrl-↓ tab  n dollars                                                                                   : commands  ? help
