---
source: crates/retiretui_tui/src/frames.rs
assertion_line: 45
expression: composed_frame(app)
---
╭──────────╮╭────────╮╭─────────╮╭───────╮╭──────╮                                                                              
│1 Overview││2 Ledger││3 Compare││4 Tools││5 Plan│                                                                  plan.toml ● 
╯          ╰┴────────┴┴─────────┴┴───────┴┴──────┴──────────────────────────────────────────────────────────────────────────────
 Money lasts                     Success                         Lowest after retiring           Ends with                      
 Through 2041                    0% of 20 markets                $33k in 2044                    $33k                           
╭ Milestones ─────────────────────────────╮╭ Needs attention ───────────────────────╮╭ Could do better ────────────────────────╮
│▏ 2045 Medicare · me                     ││▏ Runs short from 2042: $772k of       ▲││▏ Withdrawal order as planned is best    │
│                                         ││    spending the money cannot cover    █││  Spend $24k less a year to last in 90%  │
│                                         ││  Fails from a 1973 start · 155 of 155 █││    of markets                           │
│                                         ││    fail                               ▼││                                         │
╰─────────────────────────────────────────╯╰────────────────────────────────────────╯╰─────────────────────────────────────────╯
╭ Balances by tax treatment · today's dollars ───────────────────────────────╮╭ Over the plan · today's dollars ───────────────╮
│$227k│⣀⣀                                         ┊                          ││▏ Income       $1.50M                           │
│     │░░⠉⠉⠉⠉⠉⠑⠒⠒⠢⠤⠤⢄⣀⡀                           ┊                          ││  Withdrawals  $1.06M                           │
│     │░░░░░░░░░░░░░░░⠈⠉⠒⠒⠢⠤⠤⣀⣀⣀                  ┊                          ││  Spending     $2.25M                           │
│     │░░░░░░░░░░░░░░░░░░░░░░░░░⠉⠉⠒⠢⠤⠤⣀⣀⣀         ┊                          ││  Taxes        $287k                            │
│     │░░░░░░░░░░░░░░░░░░░░░░░░░░░░░░░░░░⠉⠉⠑⠒⠒⠒⢲  ┊                          ││  Converted    $0                               │
│     │░░░░░░░░░░░░░░░░░░░░░░░░░░░░░░░░░░░░░░░░░⡇ ┊                          ││  Required     $0                               │
│     │░░░░░░░░░░░░░░░░░░░░░░░░░░░░░░░░░░░░░░░░░⢸ ┊                          ││  Medicare     $0                               │
│     │░░░░░░░░░░░░░░░░░░░░░░░░░░░░░░░░░░░░░░░░░░⡇┊                          ││                                                │
│     │░░░░░░░░░░░░░░░░░░░░░░░░░░░░░░░░░░░░░░░░░░⢱┊                          ││  salary 100%                                   │
│     │░░░░░░░░░░░░░░░░░░░░░░░░░░░░░░░░░░░░░░░░░░⠈⡆                          ││                                                │
│     │░░░░░░░░░░░░░░░░░░░░░░░░░░░░░░░░░░░░░░░░░░░⢱                          │╰────────────────────────────────────────────────╯
│     │░░░░░░░░░░░░░░░░░░░░░░░░░░░░░░░░░░░░░░░░░░░┊⠑⡄                        │╭ Rests on ──────────────────────────────────────╮
│     │░░░░░░░░░░░░░░░░░░░░░░░░░░░░░░░░░░░░░░░░░░░┊░⠈⠢⠤⠤⠤⠤⣀⣀⣀⣀⣀⣀⣀⣀⣀⣀⣀⣀⣀⣀⣀⣀⣀⣀⣀││▏ Runs through   2050 · to age 70               │
│     │░░░░░░░░░░░░░░░░░░░░░░░░░░░░░░░░░░░░░░░░░░░┊░░░░░░░░░░░░░░░░░░░░░░░░░░││  Inflation      2.5%                           │
│0    │░░░░░░░░░░░░░░░░░░░░░░░░░░░░░░░░░░░░░░░░░░░┊░░░░░░░░░░░░░░░░░░░░░░░░░░││  Returns        stocks 6%, bonds 4%, cash 2.5% │
│     └──────────────────────────────────────────────────────────────────────││  Filing status  Single                         │
│  2026                                 2038 retire 2041                 2050││  Success is     Never running short            │
│██ HSA  ░░ pre-tax  ▒▒ Roth  ▓▓ taxable                                     ││                                                │
╰────────────────────────────────────────────────────────────────────────────╯╰────────────────────────────────────────────────╯
 ⏎ markets  ⇥ pane  v chart  e edit  ctrl-s save  r reload  q quit  ctrl-↓ tab  n dollars                    : commands  ? help
