---
source: crates/retiretui_tui/src/frames.rs
assertion_line: 45
expression: composed_frame(app)
---
╭──────────╮╭────────╮╭─────────╮╭───────╮╭──────╮                                                                              
│1 Overview││2 Ledger││3 Compare││4 Tools││5 Plan│                                                                  full.toml ● 
┴──────────┴┴────────┴┴─────────┴╯       ╰┴──────┴──────────────────────────────────────────────────────────────────────────────
╭ Tools ────────────╮╭ Assumptions ───────────────────────────────────╮╭ Start years · Money lasts in 85.2% of 155 start years ╮
│  Roth Conversions ││                                                ││  Start years Ends with  Short in                     ▲│
│  SSA Benefits     ││▌ Money lasts          85.2% of 155 start years ││  As planned     $2.17M     never                     █│
│  Withdrawal Order ││  Counts as a success  Never running short      ││▏ 1968               $0 2054 (79)                     ║│
│  Monte Carlo      ││  Years                1871–2025, wrapped       ││  1969               $0 2054 (79)                     ║│
│▏ Historical       ││  Fixed return         cash, brokerage, fid-401 ││  1967               $0 2055 (80)                     ║│
│  Spending Ceiling ││                                                ││  1966               $0 2055 (80)                     ║│
│  Tax Tables       ││                                                ││  1970               $0 2055 (80)                     ║│
│                   ││                                                ││  1971               $0 2056 (81)                     ▼│
│                   ││                                                │╰───────────────────────────────────────────────────────╯
│                   ││                                                │╭ Net Worth · 1968 ─────────────────────────────────────╮
│                   ││                                                ││$10.09M│                                         ┌────┐│
│                   ││                                                ││       │                                   ░░░░░░│1968││
│                   ││                                                ││       │                                 ░░░░░░░░└────┘│
│                   ││                                                ││       │                               ░░░░░░░░░░░░░░░░│
│                   ││                                                ││       │                            ░░░░░░░░░░░░░░░░░░░│
│                   ││                                                ││       │                         ░░░░░░░░░░░░░░░░░░░▒▒▒│
│                   ││                                                ││       │                   ░░░░░░░░░░░░░░░░░░░░▒▒▒▒▒▒▒▒│
│                   ││                                                ││       │               ░░░░░░░░░░░░░░░░▒▒▒▒▒▒▒▒▒▒▒▒▒▒▒▒│
│                   ││                                                ││       │          ░░░░░░░▒▒▒▒▒▒▒▒▒▒▒▒▒▒▒▒▒▒▒▒▒▒▒▒▒▒▒▒▒▒│
│                   ││                                                ││       │      ░░▒▒▒▒▒▒▒▒▒▒▒▒▒▒▒▒▒▒▒▒▒▒▒▒▒▒▒▒▒▒▒▒▒▒▒▒▒▒▒│
│                   ││                                                ││       │  ▒▒▒▒▒▒⢀⣀⡀▒▒▒▒▒▒▒▒▒▒▒▒▒▒▒▒▒▒▒▒▒▒▒▒▒▒▒▒▒▒▒▒▒▒▒▒│
│                   ││                                                ││       │⠤⠒⠒⠒⠉⠉⠉⠉⠁ ⠈⠑⠢⠤⢄⣀⡀░░░░░░░▒▒▒▒▒▒▒▒▒▒▒▒▒▒▒▒▒▒▒▒▒▒▒│
│                   ││                                                ││0      │                ⠈⠉⠉⠑⠒⠒⠢⠤⠤⠤⣀⣀⣀⣀⣀⣀⣀⣀⣀⣀⣀⣀⣀⣀⣀⣀⣀⣀⣀⣀⣀│
│                   ││                                                ││       └───────────────────────────────────────────────│
│                   ││                                                ││    2026                     2050                  2074│
│                   │╰────────────────────────────────────────────────╯╰───────────────────────────────────────────────────────╯
╰───────────────────╯The plan from each year of the U.S. record as its first, through the markets that followed.                
 ↑↓ assumption  ⏎ edit  ⇥ pane  v view  ctrl-s save  r reload  q quit  ctrl-↓ tab  n dollars                 : commands  ? help
