---
source: crates/retiretui_tui/src/frames.rs
assertion_line: 45
expression: composed_frame(app)
---
╭──────────╮╭────────╮╭─────────╮╭───────╮╭──────╮                                                                              
│1 Overview││2 Ledger││3 Compare││4 Tools││5 Plan│                                                                  full.toml ● 
┴──────────┴╯        ╰┴─────────┴┴───────┴┴──────┴──────────────────────────────────────────────────────────────────────────────
╭ Years ───────────────────────╮╭ 2026 · jordan turns 51 · alex turns 47 · today's dollars ────────────────────────────────────╮
│  Year  Age         Net worth▲││▏ Contribute $32,000 to fid-401k ($24,000 yours, $8,000 employer)                             │
│▌ 2026  51/47      $1,066,964█││  Contribute $8,000 to hsa                                                                    │
│  2027  52/48      $1,146,745█││  Save the unspent $10,314 in cash                                                            │
│  2028  53/49      $1,228,541█││  So far: $18k of $661k taxes · $0 of $330k converted · $0 of $2.37M withdrawn                │
│  2029  54/50      $1,312,429█│╰──────────────────────────────────────────────────────────────────────────────────────────────╯
│  2030  55/51      $1,398,494█│╭ Flows ───────────────────────────────────────────────────────────────────────────────────────╮
│  2031  56/52      $1,486,813█││  Account            Open Moves                                             Growth      Close │
│  2032  57/53  ◆   $1,677,472█││▏ cash            $40,000 +$10,314 surplus                                            $50,314 │
│  2033  58/54      $1,768,119█││  brokerage      $300,000                                          +$15,000 · 5.0%   $315,000 │
│  2034  59/55      $1,861,341█││  fid-401k       $450,000 +$24,000 yours                           +$27,000 · 6.0%   $509,000 │
│  2035  60/56      $1,957,228█││                          +$8,000 employer                                                    │
│  2036  61/57      $2,055,877█││  roth-ira        $90,000                                           +$5,400 · 6.0%    $95,400 │
│  2037  62/58  ◆   $2,047,624█││  hsa             $25,000 +$8,000 yours                             +$1,250 · 5.0%    $34,250 │
│  2038  63/59      $2,017,017█││  pension-dc      $60,000                                           +$3,000 · 5.0%    $63,000 │
│  2039  64/60      $1,986,477║││  All accounts   $965,000 +$50,314                                 +$51,650 · 5.4% $1,066,964 │
│  2040  65/61  ◆   $1,954,871║│╰──────────────────────────────────────────────────────────────────────────────────────────────╯
│  2041  66/62      $1,922,355║│╭ Money in ────────────────────╮╭ Money out ───────────────────╮╭ Tax ─────────────────────────╮
│  2042  67/63  ◆   $1,911,569║││▏ salary             $150,000 ││▏ Spending            $90,000 ││▏ Ordinary             $9,800 │
│  2043  68/64      $1,916,583║││                              ││                              ││  State                $7,886 │
│  2044  69/65  ◆   $1,921,800║││  Total              $150,000 ││  Tax                 $17,686 ││  Total               $17,686 │
│  2045  70/66      $1,917,264║││                              ││  Paid into accounts  $32,000 ││                              │
│  2046  71/67      $1,908,575║││                              ││  Surplus saved       $10,314 ││  To top of 12%       $15,000 │
│  2047  72/68      $1,899,073║││                              ││                              ││  MAGI               $118,000 │
│  2048  73/69      $1,900,076║││                              ││  Total              $150,000 ││  Taxable income      $85,800 │
│  2049  74/70      $1,900,616║││                              ││                              ││  Tax over MAGI         15.0% │
│  2050  75/71  ◆   $1,900,023▼││                              ││                              ││                              │
╰──────────────────────────────╯╰──────────────────────────────╯╰──────────────────────────────╯╰──────────────────────────────╯
 t table  ←→ year  {} marked year  ⇥ pane  ctrl-s save  r reload  q quit  ctrl-↓ tab  n dollars              : commands  ? help
