---
source: crates/retiretui_tui/src/frames.rs
assertion_line: 45
expression: composed_frame(app)
---
╭──────────╮╭────────╮╭─────────╮╭───────╮╭──────╮                                                                                                                                                      
│1 Overview││2 Ledger││3 Compare││4 Tools││5 Plan│                                                                                                                                          full.toml ● 
┴──────────┴┴────────┴┴─────────┴╯       ╰┴──────┴──────────────────────────────────────────────────────────────────────────────────────────────────────────────────────────────────────────────────────
╭ Tools ────────────╮╭ Constraints ───────────────────────────────────────────────────────────────────╮╭ Ladder Options ───────────────────────────────────────────────────────────────────────────────╮
│▏ Roth Conversions ││                                                                                ││  Bracket Vs. the plan Converted Unfunded Ends with Taxes Medicare                             │
│  SSA Benefits     ││▌ Convert from  Every deferred account                                          ││  Current                  $330k       $0    $2.17M $661k       $0                             │
│  Withdrawal Order ││  Convert to    roth-ira                                                        ││▏ 22%            +$58k     $988k       $0    $2.22M $489k       $0                             │
│  Monte Carlo      ││  Fill bracket  Every bracket                                                   ││  24%            +$40k     $962k       $0    $2.21M $485k       $0                             │
│  Historical       ││  First year    The plan's start                                                ││  10%            +$17k     $388k       $0    $2.18M $656k       $0                             │
│  Tax Tables       ││  Last year     The year before RMDs                                            ││  32%          +$1,681     $958k       $0    $2.17M $492k       $0                             │
│                   ││  Annual cap    No cap                                                          ││  35%            -$30k     $956k       $0    $2.14M $498k       $0                             │
│                   ││  Total cap     No cap                                                          ││  12%            -$44k     $951k       $0    $2.12M $550k       $0                             │
│                   ││  Headroom      None                                                            │╰───────────────────────────────────────────────────────────────────────────────────────────────╯
│                   ││  IRMAA tier    Not held to one                                                 │╭ Conversions ──────────────────────────────────────────────────────────────────────────────────╮
│                   ││  MAGI cap      No cap                                                          ││  Year           From  Amount Taxable                                                          │
│                   ││  Gains rate    Not held                                                        ││▏ 2026       fid-401k   $126k   $211k                                                          │
│                   ││                                                                                ││  2027       fid-401k   $126k   $211k                                                          │
│                   ││                                                                                ││  2028       fid-401k   $126k   $211k                                                          │
│                   ││                                                                                ││  2029       fid-401k   $126k   $211k                                                          │
│                   ││                                                                                ││  2030       fid-401k   $126k   $211k                                                          │
│                   ││                                                                                ││  2031       fid-401k    $46k   $132k                                                          │
│                   ││                                                                                ││  2032       fid-401k    $33k   $119k                                                          │
│                   ││                                                                                ││  2033       fid-401k    $33k   $119k                                                          │
│                   ││                                                                                ││  2034       fid-401k    $33k   $119k                                                          │
│                   ││                                                                                ││  2035       fid-401k    $33k   $119k                                                          │
│                   ││                                                                                ││  2036       fid-401k    $33k   $119k                                                          │
│                   ││                                                                                ││  2037       fid-401k  $3,093    $74k                                                          │
│                   ││                                                                                ││  2037   rollover-ira    $82k    $74k                                                          │
│                   ││                                                                                ││  2038       fid-401k  $3,092    $23k                                                          │
│                   ││                                                                                ││                                                                                               │
│                   ││                                                                                ││                                                                                               │
│                   ││                                                                                ││                                                                                               │
│                   ││                                                                                ││                                                                                               │
│                   ││                                                                                ││                                                                                               │
│                   ││                                                                                ││                                                                                               │
│                   ││                                                                                ││                                                                                               │
│                   ││                                                                                ││                                                                                               │
│                   ││                                                                                ││                                                                                               │
│                   ││                                                                                ││                                                                                               │
│                   ││                                                                                ││                                                                                               │
│                   ││                                                                                ││                                                                                               │
│                   ││                                                                                ││                                                                                               │
│                   ││                                                                                ││                                                                                               │
│                   ││                                                                                ││                                                                                               │
│                   ││                                                                                ││                                                                                               │
│                   ││                                                                                ││                                                                                               │
│                   ││                                                                                ││                                                                                               │
│                   ││                                                                                ││                                                                                               │
│                   ││                                                                                ││                                                                                               │
│                   ││                                                                                ││                                                                                               │
│                   ││                                                                                ││                                                                                               │
│                   ││                                                                                ││                                                                                               │
│                   │╰────────────────────────────────────────────────────────────────────────────────╯╰───────────────────────────────────────────────────────────────────────────────────────────────╯
╰───────────────────╯A ladder converts pre-tax savings to Roth yearly up to a bracket's top: tax now at that rate, not later.                                                                           
 ⏎ edit  ⇥ pane  w write  t take  ctrl-s save  r reload  q quit  ctrl-↓ tab  n dollars                                                                                               : commands  ? help
