---
source: crates/retiretui_tui/src/frames.rs
assertion_line: 45
expression: composed_frame(app)
---
╭──────────╮╭────────╮╭─────────╮╭───────╮╭──────╮                                                                              
│1 Overview││2 Ledger││3 Compare││4 Tools││5 Plan│                                                                  full.toml ● 
┴──────────┴╯        ╰┴─────────┴┴───────┴┴──────┴──────────────────────────────────────────────────────────────────────────────
╭ Ledger · today's dollars · Balances by account ──────────────────────────────────────────────────────────────────────────────╮
│  Year  Age         Income Spending      Tax Withdraw     cash brokerag fid-401k roth-ira rollover      hsa pension- Net wort▲│
│  2026  51/47        $150k     $90k     $18k       $0     $50k    $315k    $509k     $95k       $0     $34k     $63k   $1.07M█│
│  2027  52/48        $150k     $90k     $18k       $0     $59k    $323k    $558k     $99k       $0     $43k     $65k   $1.15M█│
│  2028  53/49        $150k     $90k     $18k       $0     $68k    $331k    $609k    $102k       $0     $52k     $66k   $1.23M█│
│  2029  54/50        $150k     $90k     $18k       $0     $77k    $339k    $662k    $106k       $0     $61k     $68k   $1.31M█│
│  2030  55/51        $150k     $90k     $18k       $0     $85k    $347k    $717k    $109k       $0     $71k     $69k   $1.40M█│
│  2031  56/52        $150k     $90k     $18k       $0     $94k    $355k    $773k    $113k       $0     $81k     $71k   $1.49M█│
│  2032  57/53  ◆     $250k     $90k     $18k       $0    $202k    $364k    $832k    $117k       $0     $91k     $73k   $1.68M█│
│  2033  58/54        $150k     $90k     $18k       $0    $207k    $373k    $892k    $121k       $0    $101k     $75k   $1.77M█│
│  2034  59/55        $150k     $90k     $18k       $0    $212k    $382k    $955k    $125k       $0    $111k     $76k   $1.86M█│
│  2035  60/56        $150k     $90k     $18k       $0    $217k    $391k   $1.02M    $129k       $0    $122k     $78k   $1.96M█│
│  2036  61/57        $150k     $90k     $18k       $0    $222k    $401k   $1.09M    $133k       $0    $133k     $80k   $2.06M█│
│  2037  62/58  ◆      $23k     $90k     $308     $99k    $118k    $411k   $1.13M    $168k     $82k    $144k       $0   $2.05M█│
│  2038  63/59         $22k    $105k   $4,738     $87k     $27k    $421k   $1.13M    $204k     $84k    $148k       $0   $2.02M█│
│  2039  64/60         $22k    $105k   $8,214     $91k       $0    $366k   $1.14M    $241k     $86k    $151k       $0   $1.99M║│
│  2040  65/61  ◆      $21k    $105k   $9,781     $94k       $0    $281k   $1.15M    $279k     $88k    $155k       $0   $1.95M║│
│  2041  66/62         $21k    $105k   $9,863     $94k       $0    $194k   $1.16M    $318k     $90k    $159k       $0   $1.92M║│
│▌ 2042  67/63  ◆      $44k    $105k     $11k     $72k       $0    $127k   $1.17M    $359k     $93k    $163k       $0   $1.91M║│
│  2043  68/64         $60k    $105k     $11k     $57k       $0     $73k   $1.18M    $402k     $95k    $167k       $0   $1.92M║│
│  2044  69/65  ◆      $59k    $105k     $11k     $57k       $0     $18k   $1.19M    $445k     $97k    $171k       $0   $1.92M║│
│  2045  70/66         $59k    $105k     $21k     $67k       $0       $0   $1.15M    $491k    $100k    $175k       $0   $1.92M║│
│  2046  71/67         $58k    $105k     $25k     $71k       $0       $0   $1.09M    $537k    $102k    $179k       $0   $1.91M║│
│  2047  72/68         $58k    $105k     $25k     $72k       $0       $0   $1.03M    $586k    $105k    $183k       $0   $1.90M║│
│  2048  73/69         $57k    $105k     $13k     $61k       $0       $0    $999k    $606k    $107k    $188k       $0   $1.90M║│
│  2049  74/70         $57k    $105k     $13k     $61k       $0       $0    $972k    $626k    $110k    $193k       $0   $1.90M║│
│  2050  75/71  ◆      $57k    $105k     $14k     $63k       $0       $0    $947k    $648k    $108k    $197k       $0   $1.90M▼│
╰──────────────────────────────────────────────────────────────────────────────────────────────────────────────────────────────╯
 c columns  t the year  ←→ year  {} marked year  ⇥ pane  ctrl-s save  r reload  q quit  ctrl-↓ tab           : commands  ? help
