---
source: crates/retiretui_tui/src/frames.rs
assertion_line: 45
expression: composed_frame(app)
---
╭──────────╮╭────────╮╭─────────╮╭───────╮╭──────╮                                                                                                                                                      
│1 Overview││2 Ledger││3 Compare││4 Tools││5 Plan│                                                                                                                                          full.toml ● 
╯          ╰┴────────┴┴─────────┴┴───────┴┴──────┴──────────────────────────────────────────────────────────────────────────────────────────────────────────────────────────────────────────────────────
 Money lasts                                       Success                                           Lowest after retiring                             Ends with                                        
 Never short                                       100% of 20 markets                                $1.89M in 2055                                    $2.17M                                           
╭ Milestones ─────────────────────────────────────────────────────╮╭ Needs attention ───────────────────────────────────────────────╮╭ Could do better ────────────────────────────────────────────────╮
│▏ 2032 inheritance arrives                                      ▲││▏ Fails from a 1968 start · 23 of 155 fail                      ││▏ jordan: convert to 22%, ends +$58k                             │
│  2037 retire                                                   █││                                                                ││  Withdrawal order as planned is best                            │
│  2037 db-pension starts                                        █││                                                                ││  Could spend $11k more a year in 90% of markets                 │
│  2037 401k-deferral ends                                       █││                                                                ││                                                                 │
│  2037 401k-match ends                                          █││                                                                ││                                                                 │
│  2037 hsa-deferral ends                                        █││                                                                ││                                                                 │
│  2040 Medicare · jordan                                        █││                                                                ││                                                                 │
│  2042 Social Security · jordan, $40k a year                    █││                                                                ││                                                                 │
│  2044 Medicare · alex                                          ▼││                                                                ││                                                                 │
╰─────────────────────────────────────────────────────────────────╯╰────────────────────────────────────────────────────────────────╯╰─────────────────────────────────────────────────────────────────╯
╭ Net worth through random markets · today's dollars ───────────────────────────────────────────────────────────────────╮╭ Over the plan · today's dollars ────────────────────────────────────────────╮
│$3.69M│                         ┊                                                                                      ││▏ Income       $3.62M                                                        │
│      │                         ┊                                                                                      ││    salary 46% · Social Security 36% · pension 16% · other 3%                │
│      │                         ┊                                                                               ░░░░░░░││  Withdrawals  $2.37M                                                        │
│      │                         ┊                                                                       ░░░░░░░░░░░░░░░││    pre-tax 72% · taxable 28%                                                │
│      │                         ┊                                                         ░░░░░░░░░░░░░░░░░░░░░░░░░░░░░││  Spending     $4.68M                                                        │
│      │                         ┊                                               ░░░░░░░░░░░░░░░░░░░░░░░░░░░░░░░░░░░░░░░││    flexible 100%                                                            │
│      │                         ┊                                             ░░░░░░░░░░░░░░░░░░░░░░░░░░░░░░░░░░░░░░░░░││  Taxes        $661k                                                         │
│      │                         ┊                                          ░░░░░░░░░░░░░░░░░░░░░░░░░░░░░░░░░░░░░░░░░░░░││    federal $392k · state $269k · most in 2047                               │
│      │                         ┊                                        ░░░░░░░░░░░░░░░░░░░░░░░░░░░░░░░░░░░░░░░░░▒▒▒▒▒││  Converted    $330k                                                         │
│      │                         ┊                                     ░░░░░░░░░░▒▒▒▒▒▒▒▒▒▒▒░░░░░░░░░░░░░░░░░░░░▒▒▒▒▒▒▒▒││    to Roth, 2037 to 2047                                                    │
│      │                         ┊                             ░░░░░░░░░░▒▒▒▒▒▒▒▒▒▒▒▒▒▒▒▒▒▒▒▒▒▒▒▒▒▒▒▒▒▒▒░░░▒▒▒▒▒▒▒▒▒▒▒▒▒││  Required     $1.27M                                                        │
│      │                         ┊                        ░░░░░░░░▒▒▒▒▒▒▒▒▒▒▒▒▒▒▒▒▒▒▒▒▒▒▒▒▒▒▒▒▒▒▒▒▒▒▒▒▒▒▒▒▒▒▒▒▒▒▒▒▒▒▒▒▒▒││    distributions from 2050                                                  │
│      │                         ┊              ░░░░░░░░░▒▒▒▒▒▒▒▒▒▒▒▒▒▒▒▒▒▒▒▒▒▒▒▒▒▒▒▒▒▒▒▒▒▒▒▒▒▒▒▒▒▒▒▒▒▒▒▒▒▒▒▒▒▒▒▒▒▒▒▒▒▒▒││  Medicare     $0                                                            │
│      │                         ┊           ░░░░░▒▒▒▒▒▒▒▒▒▒▒▒▒▒▒▒▒▒▒▒▒▒▒▒▒▒▒▒▒▒▒▒▒▒▒▒▒▒▒▒▒▒▒▒▒▒▒▒▒▒▒▒▒▒▒▒▒▒▒▒▒▒▒▒⣀⣀⣀⣀⡠⠤││                                                                             │
│      │                    ░░⢀⠤⠤⠤⠤⣀⣀⡀▒▒▒▒▒▒▒▒▒▒▒▒▒▒▒▒▒▒▒▒▒▒▒▒▒▒▒▒▒▒▒▒▒▒▒▒▒▒▒▒▒▒▒▒▒▒▒▒▒▒▒▒▒▒▒▒▒⢀⣀⣀⣀⣀⠤⠤⠤⠤⠔⠒⠒⠒⠒⠊⠉⠉⠉⠉▒▒▒▒▒▒││                                                                             │
│      │                 ░░⢀⡠⠊⠁▒▒┊▒▒▒⠈⠉⠒⠤⠤⣀⣀⣀⣀⣀⣀⣀⣀⣀⣀⣀⣀⣀⣀▒▒▒▒⢀⣀⣀▒▒▒▒▒▒▒▒▒▒▒▒▒▒⣀⣀⣀⣀⡠⠤⠤⠤⠤⠒⠒⠒⠒⠒⠉⠉⠉⠉⠁▒▒▒▒▒▒▒▒▒▒▒▒▒▒▒▒▒▒▒▒▒▒▒▒││                                                                             │
│      │              ░░▒⣀⠔⠁▒▒▒░░┊░▒▒▒▒▒▒▒▒▒▒▒▒▒▒▒▒▒▒▒▒▒⠉⠉⠉⠉⠁▒▒⠉⠉⠉⠉⠉⠉⠉⠉⠉⠉⠉⠉⠉⠉▒▒▒▒▒▒▒▒▒▒▒▒▒▒▒▒▒▒▒▒▒▒▒▒▒▒▒▒▒▒▒▒▒▒▒▒▒▒▒▒▒▒▒││                                                                             │
│      │             ░⡠⠔⠊▒▒░░    ┊   ░░░▒▒▒▒▒▒▒▒▒▒▒▒▒▒▒▒▒▒▒▒▒▒▒▒▒▒▒▒▒▒▒▒▒▒▒▒▒▒▒▒▒▒▒▒▒▒▒▒▒▒▒▒▒▒▒▒▒▒▒▒▒▒▒▒▒▒▒▒▒▒▒▒▒▒▒▒▒▒▒▒││                                                                             │
│      │            ⢀⠜▒▒░░░      ┊     ░░░░░░░░░░░░░▒▒▒▒▒▒▒▒▒▒▒▒▒▒▒▒▒▒▒▒▒▒▒▒░░░░░░░░▒▒▒▒▒▒▒▒▒▒▒▒▒▒▒▒▒▒▒▒▒▒▒▒▒▒▒▒▒▒▒▒▒▒▒▒││                                                                             │
│      │         ░▒⡠⠃▒░          ┊         ░░░░░░░░░░░░░░░░░░░░░░░░░░░░░░░░░░░░░░░░░░░░░░░▒▒▒░░░░░░░░░░░░░░░░░░░░░░░░░░░││                                                                             │
│      │       ⢀⡠⠔⠉▒░            ┊                  ░░░░░░░░░░░░░░░░░░░░░░░░░░░░░░░░░░░░░░░░░░░░░░░░░░░░░░░░░░░░░░░░░░░░││                                                                             │
│      │    ⢀⠤⠒⠁▒░               ┊                                   ░░░░░░░░░░░░░░░░░░░░░░░░░░░░░░░░░░░░░░░░░░░░░░░░░░░││                                                                             │
│      │ ⢀⡠⠒⠁░                   ┊                                               ░░░░░░░░░░░░░░░░░░░░░░░░░░░░░░░░░░░░░░░││                                                                             │
│      │⠊⠁                       ┊                                                          ░░░░░░░░░░░░░░░░░           ││                                                                             │
│      │                         ┊                                                                                      ││                                                                             │
│      │                         ┊                                                                                      ││                                                                             │
│      │                         ┊                                                                                      ││                                                                             │
│      │                         ┊                                                                                      ││                                                                             │
│      │                         ┊                                                                                      │╰─────────────────────────────────────────────────────────────────────────────╯
│      │                         ┊                                                                                      │╭ Rests on ───────────────────────────────────────────────────────────────────╮
│      │                         ┊                                                                                      ││▏ Runs through  2074 · to age 95                                             │
│      │                         ┊                                                                                      ││  Inflation     2.5%                                                         │
│0     │                         ┊                                                                                      ││  Returns       stocks 6%, bonds 4%, cash 2.5%                               │
│      └────────────────────────────────────────────────────────────────────────────────────────────────────────────────││  Filing status Married filing jointly                                       │
│   2026                    retire 2037                       2050                                                  2074││  Lives in      Oregon                                                       │
│░░ 10th to 90th  ▒▒ 25th to 75th  ── As planned                                                                        ││  Success is    Never running short                                          │
╰───────────────────────────────────────────────────────────────────────────────────────────────────────────────────────╯╰─────────────────────────────────────────────────────────────────────────────╯
 ⏎ markets  ⇥ pane  v chart  e edit  ctrl-s save  r reload  q quit  ctrl-↓ tab  n dollars                                                                                            : commands  ? help
