---
source: crates/retiretui_tui/src/frames.rs
assertion_line: 45
expression: composed_frame(app)
---
╭──────────╮╭────────╮╭─────────╮╭───────╮╭──────╮                                                                              
│1 Overview││2 Ledger││3 Compare││4 Tools││5 Plan│                                                                  full.toml ● 
┴──────────┴╯        ╰┴─────────┴┴───────┴┴──────┴──────────────────────────────────────────────────────────────────────────────
╭ Years ───────────────────────╮╭ To do in 2042 ─────────────────────────────────────────────╮╭ So far · today's dollars ──────╮
│  Year  Age         Net worth▲││▏ ◆ Social Security · jordan, $40k a year                   ││▏ Taxes          $238k of $661k │
│  2026  51/47      $1,066,964█││  Convert $30,000 from fid-401k to roth-ira                 ││  Converted      $180k of $330k │
│  2027  52/48      $1,146,745█││  Withdraw $72,102 from brokerage                           ││  Withdrawn     $538k of $2.37M │
│  2028  53/49      $1,228,541█│╰────────────────────────────────────────────────────────────╯╰────────────────────────────────╯
│  2029  54/50      $1,312,429█│╭ Flows ───────────────────────────────────────────────────────────────────────────────────────╮
│  2030  55/51      $1,398,494█││  Account              Open Moves                                           Growth      Close │
│  2031  56/52      $1,486,813█││▏ brokerage        $189,384 -$72,102 for spending                   +$9,469 · 5.0%   $126,751 │
│  2032  57/53  ◆   $1,677,472█││  fid-401k       $1,132,239 -$30,000 → roth-ira (conversion)       +$67,934 · 6.0% $1,170,173 │
│  2033  58/54      $1,768,119█││  roth-ira         $310,695 +$30,000 ← fid-401k (conversion)       +$18,642 · 6.0%   $359,336 │
│  2034  59/55      $1,861,341█││  rollover-ira      $88,227                                         +$4,412 · 5.0%    $92,639 │
│  2035  60/56      $1,957,228█││  hsa              $154,923                                         +$7,746 · 5.0%   $162,669 │
│  2036  61/57      $2,055,877█││  All accounts   $1,875,468 -$72,102                              +$108,203 · 5.8% $1,911,569 │
│  2037  62/58  ◆   $2,047,624█│╰──────────────────────────────────────────────────────────────────────────────────────────────╯
│  2038  63/59      $2,017,017█│╭ Money in ────────────────────╮╭ Money out ───────────────────╮╭ Tax ─────────────────────────╮
│  2039  64/60      $1,986,477║││▏ db-pension          $20,209 ││▏ living              $90,000 ││▏ Ordinary             $4,045 │
│  2040  65/61  ◆   $1,954,871║││  ss-jordan           $23,333 ││  travel              $15,000 ││  State                $6,598 │
│  2041  66/62      $1,922,355║││  From brokerage      $72,102 ││  Tax                 $10,643 ││  Total               $10,643 │
│▌ 2042  67/63  ◆   $1,911,569║││                              ││                              ││                              │
│  2043  68/64      $1,916,583║││  Income              $43,542 ││  Spending           $105,001 ││  To top of 12%       $62,958 │
│  2044  69/65  ◆   $1,921,800║││  Withdrawn           $72,102 ││  Total              $115,644 ││  MAGI               $119,073 │
│  2045  70/66      $1,917,264║││  Total              $115,644 ││                              ││  Taxable income      $37,842 │
│  2046  71/67      $1,908,575║││                              ││                              ││  Realized gains      $49,032 │
│  2047  72/68      $1,899,073║││                              ││                              ││  Taxable Soc. Sec.   $19,833 │
│  2048  73/69      $1,900,076║││                              ││                              ││  Tax over MAGI          8.9% │
│  2049  74/70      $1,900,616║││                              ││                              ││                              │
│  2050  75/71  ◆   $1,900,023▼││                              ││                              ││                              │
╰──────────────────────────────╯╰──────────────────────────────╯╰──────────────────────────────╯╰──────────────────────────────╯
 t table  ←→ year  {} marked year  ⇥ pane  ctrl-s save  r reload  q quit  ctrl-↓ tab  n dollars              : commands  ? help
