---
source: crates/retiretui_tui/src/frames.rs
expression: composed_frame(app)
---
╭──────────╮╭────────╮╭─────────╮╭───────╮╭──────╮                                                                                                                                                      
│1 Overview││2 Ledger││3 Compare││4 Tools││5 Plan│                                                                                                                                         no document  
┴──────────┴┴────────┴┴─────────┴┴───────┴╯      ╰──────────────────────────────────────────────────────────────────────────────────────────────────────────────────────────────────────────────────────
                                                                                                                                                                                                        
                                                                                                                                                                                                        
                                                                                                                                                                                                        
                                                                                                                                                                                                        
                                                                                                                                                                                                        
                                                                                                                                                                                                        
                                                                                                                                                                                                        
                                                                                                                                                                                                        
                                                                                                                                                                                                        
                                                                                                                                                                                                        
                                                                                                                                                                                                        
                                                                                                                                                                                                        
                                                                                                                                                                                                        
                                                                                                                                                                                                        
                                                                                                                                                                                                        
                                                                                                                                                                                                        
                                                                                                                                                                                                        
                                                                  ╭ New plan ───────────────────────────────────────────────────────╮                                                                   
                                                                  │Start from                  [ My own answers ▾ ]                 │                                                                   
                                                                  │Filing status               [ None ▾ ]                           │                                                                   
                                                                  │Life stage                  [ None ▾ ]                           │                                                                   
                                                                  │Your name                   [                                  ] │                                                                   
                                                                  │Birth year                  [                                  ] │                                                                   
                                                                  │Retirement age              [                                  ] │                                                                   
                                                                  │Working since               [                                  ] │                                                                   
                                                                  │Salary                      [                                  ] │                                                                   
                                                                  │Social Security             [                                  ] │                                                                   
                                                                  │Claim age                   [                                  ] │                                                                   
                                                                  │─────────────────────────────────────────────────────────────────│                                                                   
                                                                  │                                                                 │                                                                   
                                                                  │                                                                 │                                                                   
                                                                  │                                                                 │                                                                   
                                                                  │─────────────────────────────────────────────────────────────────│                                                                   
                                                                  │                                                       [ Create ]│                                                                   
                                                                  ╰─────────────────────────────────────────────────────────────────╯                                                                   
                                                                                                                                                                                                        
                                                                                                                                                                                                        
                                                                                                                                                                                                        
                                                                                                                                                                                                        
                                                                                                                                                                                                        
                                                                                                                                                                                                        
                                                                                                                                                                                                        
                                                                                                                                                                                                        
                                                                                                                                                                                                        
                                                                                                                                                                                                        
                                                                                                                                                                                                        
                                                                                                                                                                                                        
                                                                                                                                                                                                        
                                                                                                                                                                                                        
                                                                                                                                                                                                        
                                                                                                                                                                                                        
 ⏎ edit  q quit                                                                                                                                                                      : commands  ? help
