---
source: crates/retiretui_tui/src/frames.rs
assertion_line: 45
expression: composed_frame(app)
---
╭──────────╮╭────────╮╭─────────╮╭───────╮╭──────╮                                                                              
│1 Overview││2 Ledger││3 Compare││4 Tools││5 Plan│                                                         full.toml ● 3 issues 
╯          ╰┴────────┴┴─────────┴┴───────┴┴──────┴──────────────────────────────────────────────────────────────────────────────
╭ Money lasts ─────────────────╮╭ Success ─────────────────────╮╭ Lowest after retiring ───────╮╭ Ends with ───────────────────╮
│ Never short                  ││ 100% of 20 markets           ││ $1.89M in 2055               ││ $2.17M                       │
╰──────────────────────────────╯╰──────────────────────────────╯╰──────────────────────────────╯╰──────────────────────────────╯
╭ Milestones ─────────────────────────────╮╭ Needs attention ───────────────────────╮╭ Could do better ────────────────────────╮
│▏ 2032 inheritance arrives              ▲││▏ Settings › Inflation: must be between▲││▏ jordan: convert to 22%, ends +$58k     │
│  2037 retire                           █││    -0.1 and 0.5                       █││  Withdrawal order as planned is best    │
│  2037 db-pension starts                ║││  Accounts › brokerage › Balance: must ║││  Could spend $11k more a year in 90% of │
│  2037 401k-deferral ends               ▼││    not be negative                    ▼││    markets                              │
╰─────────────────────────────────────────╯╰────────────────────────────────────────╯╰─────────────────────────────────────────╯
╭ Balances by tax treatment · today's dollars ───────────────────────────────╮╭ Over the plan · today's dollars ───────────────╮
│$2.27M│                ┊                                                ⣀⣀⣀⣀││▏ Income       $3.62M                           │
│      │             ⢀⠔⠒⠢⠤⣀⡀                            ⣀⣀⣀⣀⡠⠤⠤⠤⠔⠒⠒⠒⠒⠉⠉⠉⠉▓▓▓▓││  Withdrawals  $2.37M                           │
│      │          ⢀⡠⠒⠁▓▓┊▓▓⠈⠉⠉⠑⠒⠒⠒⠒⠒⠒⠒⠒⠒⠒⠒⠒⠒⠒⠒⠒⠒⠒⠒⠒⠒⠒⠉⠉⠉▓▓▓▓▓▓▓▒▒▒▒▒▒▒▒▒▒▒▒▒▒││  Spending     $4.68M                           │
│      │        ⡠⠒⠁▓▓▓▓▓┊▓▓▓▓▓▓▓▒▒▒▒▒▒▒▒▒▒▒▒▒▒▒▒▒▒▒▒▒▒▒▒▒▒▒▒▒▒▒▒▒▒▒▒▒▒▒▒▒▒▒▒▒││  Taxes        $661k                            │
│      │       ⡰⠁▓▓▓▓▓▓▓┊▓▓▓▒▒▒▒▒▒▒▒▒▒▒▒▒▒▒▒▒▒▒▒▒▒▒▒▒▒▒▒▒▒▒▒▒▒▒▒▒▒▒▒▒▒▒▒▒▒▒▒▒││  Converted    $330k                            │
│      │    ⢀⠔⠉▓▓▓▓▓▓▓▓▓┊▒▒▒▒▒▒▒▒▒▒▒▒▒▒▒▒▒▒▒▒▒▒▒▒▒▒▒▒▒▒▒▒▒▒▒▒▒▒▒▒▒▒▒▒▒▒▒▒▒▒▒▒││  Required     $1.27M                           │
│      │ ⢀⠤⠊⠁▓▓▓▓▓▓▓▓▒▒░┊░░░░░░░░░░░░░▒▒▒▒▒▒▒▒▒▒▒▒▒▒▒▒▒▒▒▒▒▒▒▒▒▒▒▒▒▒▒▒▒▒▒▒▒▒▒││  Medicare     $0                               │
╭ Issues ──────────────────────────────────────────────────────────────────────────────────────────────────────────────────────╮
│▌ Settings › Inflation: must be between -0.1 and 0.5                                                                          │
│  Accounts › brokerage › Balance: must not be negative                                                                        │
│  Accounts › brokerage › Basis: must not exceed the balance                                                                   │
│                                                                                                                              │
│                                                                                                                              │
│                                                                                                                              │
│                                                                                                                              │
│                                                                        ╭────────────────────────────────────────────────────╮│
│                                                                        │ Settings › Inflation: must be between -0.1 and 0.5 ││
╰────────────────────────────────────────────────────────────────────────╰────────────────────────────────────────────────────╯╯
 ⏎ go  esc close
