---
source: crates/retiretui_tui/src/frames.rs
assertion_line: 45
expression: composed_frame(app)
---
╭──────────╮╭────────╮╭─────────╮╭───────╮╭──────╮                                                                                                                                                      
│1 Overview││2 Ledger││3 Compare││4 Tools││5 Plan│                                                                                                                                          full.toml ● 
┴──────────┴┴────────┴┴─────────┴┴───────┴╯      ╰──────────────────────────────────────────────────────────────────────────────────────────────────────────────────────────────────────────────────────
╭ Plan ─────────────╮╭ Market ─────────────────────────────────────────────────────────────────────────────────────────────────────────────────────────────────────────────────────────────────────────╮
│  Accounts       7 ││                                                                                                                                                                                 │
│  Income         4 ││▌ Leave at least     Nothing                                                                                                                                                     │
│  Expenses       2 ││  Stocks             6%, the default                                                                                                                                             │
│  Cliffs         0 ││    spread           16%, the default                                                                                                                                            │
│  Transfers      1 ││  Bonds              4%, the default                                                                                                                                             │
│  Conversions    1 ││    spread           6%, the default                                                                                                                                             │
│  Contributions  3 ││  Cash               2.5%, the default                                                                                                                                           │
│  Events         1 ││    spread           1%, the default                                                                                                                                             │
│  People         2 ││  Inflation spread   1.5%, the default                                                                                                                                           │
│  Residency      1 ││    persistence      60%, the default                                                                                                                                            │
│  Household        ││  Stocks, bonds      0.1, the default                                                                                                                                            │
│  Settings         ││  Stocks, cash       0, the default                                                                                                                                              │
│▏ Market           ││  Stocks, inflation  -0.1, the default                                                                                                                                           │
│                   ││  Bonds, cash        0, the default                                                                                                                                              │
│                   ││  Bonds, inflation   -0.2, the default                                                                                                                                           │
│                   ││  Cash, inflation    0.5, the default                                                                                                                                            │
│                   ││  Monte Carlo draws  Your return assumptions                                                                                                                                     │
│                   ││    trials           1,000, the default                                                                                                                                          │
│                   ││    seed             42, the default                                                                                                                                             │
│                   ││  Historical from    1871, the default                                                                                                                                           │
│                   ││    to               2025, the default                                                                                                                                           │
│                   ││    wrap             ✓                                                                                                                                                           │
│                   ││                                                                                                                                                                                 │
│                   ││                                                                                                                                                                                 │
│                   ││                                                                                                                                                                                 │
│                   ││                                                                                                                                                                                 │
│                   ││                                                                                                                                                                                 │
│                   ││                                                                                                                                                                                 │
│                   ││                                                                                                                                                                                 │
│                   ││                                                                                                                                                                                 │
│                   ││                                                                                                                                                                                 │
│                   ││                                                                                                                                                                                 │
│                   ││                                                                                                                                                                                 │
│                   ││                                                                                                                                                                                 │
│                   ││                                                                                                                                                                                 │
│                   ││                                                                                                                                                                                 │
│                   ││                                                                                                                                                                                 │
│                   ││                                                                                                                                                                                 │
│                   ││                                                                                                                                                                                 │
│                   ││                                                                                                                                                                                 │
│                   ││                                                                                                                                                                                 │
│                   ││                                                                                                                                                                                 │
│                   ││                                                                                                                                                                                 │
│                   ││                                                                                                                                                                                 │
│                   ││                                                                                                                                                                                 │
│                   ││                                                                                                                                                                                 │
│                   ││                                                                                                                                                                                 │
│                   ││                                                                                                                                                                                 │
│                   ││                                                                                                                                                                                 │
╰───────────────────╯╰─────────────────────────────────────────────────────────────────────────────────────────────────────────────────────────────────────────────────────────────────────────────────╯
 ⏎ edit  esc domains  ⇥ pane  ctrl-s save  r reload  q quit  ctrl-↓ tab  n dollars                                                                                                   : commands  ? help
