---
source: crates/retiretui_tui/src/frames.rs
assertion_line: 45
expression: composed_frame(app)
---
╭──────────╮╭────────╮╭─────────╮╭───────╮╭──────╮                                                                              
│1 Overview││2 Ledger││3 Compare││4 Tools││5 Plan│                                                                  full.toml ● 
┴──────────┴┴────────┴┴─────────┴╯       ╰┴──────┴──────────────────────────────────────────────────────────────────────────────
╭ Tools ────────────╮╭ Orders ─────────────────────────────────────────────────────────────────────────────────────────────────╮
│  Roth Conversions ││  Order                        Vs. the plan Unfunded Ends with Taxes Medicare                            │
│  SSA Benefits     ││  Current                                         $0    $2.17M $661k       $0                            │
│▏ Withdrawal Order ││▌ Taxable, deferred, Roth, HSA           $0       $0    $2.17M $661k       $0                            │
│  Monte Carlo      ││  HSA, taxable, deferred, Roth        -$90k       $0    $2.08M $719k       $0                            │
│  Historical       ││  Taxable, HSA, deferred, Roth        -$91k       $0    $2.07M $721k       $0                            │
│  Tax Tables       ││  Taxable, Roth, deferred, HSA       -$161k       $0    $2.00M $689k       $0                            │
│                   ││  Taxable, HSA, Roth, deferred       -$164k       $0    $2.00M $732k       $0                            │
│                   ││  HSA, taxable, Roth, deferred       -$165k       $0    $2.00M $732k       $0                            │
│                   ││  Roth, taxable, deferred, HSA       -$461k       $0    $1.70M $682k       $0                            │
│                   ││  Roth, HSA, taxable, deferred       -$511k       $0    $1.65M $708k       $0                            │
│                   ││  HSA, Roth, taxable, deferred       -$517k       $0    $1.65M $711k       $0                            │
│                   ││  Deferred, taxable, Roth, HSA       -$661k       $0    $1.50M $582k       $0                            │
│                   ││  Deferred, taxable, HSA, Roth       -$729k       $0    $1.44M $653k       $0                            │
│                   ││  HSA, deferred, taxable, Roth       -$762k       $0    $1.40M $638k       $0                            │
│                   ││  Deferred, HSA, taxable, Roth       -$771k       $0    $1.39M $636k       $0                            │
│                   ││  Roth, HSA, deferred, taxable       -$871k       $0    $1.29M $649k       $0                            │
│                   ││  HSA, Roth, deferred, taxable       -$881k       $0    $1.28M $653k       $0                            │
│                   ││  Roth, deferred, taxable, HSA       -$913k       $0    $1.25M $606k       $0                            │
│                   ││  Deferred, Roth, taxable, HSA       -$951k       $0    $1.21M $527k       $0                            │
│                   ││  HSA, deferred, Roth, taxable       -$957k       $0    $1.21M $560k       $0                            │
│                   ││  Deferred, HSA, Roth, taxable       -$970k       $0    $1.20M $559k       $0                            │
│                   ││  Roth, deferred, HSA, taxable       -$971k       $0    $1.19M $649k       $0                            │
│                   ││  Deferred, Roth, HSA, taxable      -$1.02M       $0    $1.15M $574k       $0                            │
│                   ││                                                                                                         │
│                   ││                                                                                                         │
│                   │╰─────────────────────────────────────────────────────────────────────────────────────────────────────────╯
╰───────────────────╯⏎ takes the highlighted order into the plan, after asking; w writes it as a scenario.                      
 ↑↓ order  ⏎ take  ⇥ pane  w write  t take  ctrl-s save  r reload  q quit  ctrl-↓ tab  n dollars             : commands  ? help
