---
source: crates/retiretui_tui/src/frames.rs
expression: composed_frame(app)
---
╭──────────╮╭────────╮╭─────────╮╭───────╮╭──────╮                                                                              
│1 Overview││2 Ledger││3 Compare││4 Tools││5 Plan│                                                                  full.toml ● 
╯          ╰┴────────┴┴─────────┴┴───────┴┴──────┴──────────────────────────────────────────────────────────────────────────────
╭ Money lasts ─────────────────╮╭ Success ─────────────────────╮╭ Lowest after retiring ───────╮╭ Ends with ───────────────────╮
│ Never short                  ││ 100% of 20 markets           ││ $1.89M in 2055               ││ $2.17M                       │
╰──────────────────────────────╯╰──────────────────────────────╯╰──────────────────────────────╯╰──────────────────────────────╯
╭ Milestones ─────────────────────────────╮╭ Needs attention ───────────────────────╮╭ Could do better ────────────────────────╮
│▏ 2032 inheritance arrives              ▲││▏ Fails from a 1968 start · 23 of 155   ││▏ jordan: convert to 22%, ends +$58k     │
│  2037 retire                           █││    fail                                ││  Withdrawal order as planned is best    │
│  2037 db-pension starts                ║││                                        ││  Could spend $11k more a year in 90% of │
│  2037 401k-deferral ends               ▼││                                        ││    markets                              │
╰─────────────────────────────────────────╯╰────────────────────────────────────────╯╰─────────────────────────────────────────╯
╭ Balances by tax treatment · today's dollars ───────────────────────────────╮╭ Over the plan · today's dollars ───────────────╮
│$2.27M│                ┊                                                ⣀⣀⣀⣀││▏ Income       $3.62M                           │
│      │             ⢀⠔⠒⠢⠤⣀⡀                            ⣀⣀⣀⣀⡠⠤⠤⠤⠔⠒⠒⠒⠒⠉⠉⠉⠉████││  Withdrawals  $2.37M                           │
│      │          ⢀⡠⠒⠁██┊██⠈⠉⠉⠑⠒⠒⠒⠒⠒⠒⠒⠒⠒⠒⠒⠒⠒⠒⠒⠒⠒⠒⠒⠒⠒⠒⠉⠉⠉█████████████████████││  Spending     $4.68M                           │
│      │        ⡠⠒⠁██▒▒▒┊▒▒██████████████████████████████████████████████████││  Taxes        $661k                            │
│      │       ⡰⠁█▒▒░░░░┊░▒▒▒▒▒▒▒▒▒▒▒▒▒▒▒▒▒▒▒▒▒▒▒▒▒▒▒▒▒▒▒▒▒▒▒▒▒▒▒▒▒▒▒▒▒▒▒▒▒▒▒││  Converted    $330k                            │
│      │    ⢀⠔⠉█▒░░░░░░░┊░░░░▒▒▒▒▒▒▒▒▒▒▒▒▒▒▒▒▒▒▒▒▒▒▒▒▒▒▒▒▒▒▒▒▒▒▒▒▒▒▒▒▒▒▒▒▒▒▒▒││  Required     $1.27M                           │
│      │ ⢀⠤⠊⠁█▒▒░░░░░░░░┊░░░░░░░░░▒▒▒▒▒▒▒▒▒▒▒▒▒▒▒▒▒▒▒▒▒▒▒▒▒▒▒▒▒▒▒▒▒▒▒▒▒▒▒▒▒▒▒││  Medicare     $0                               │
│      │⠊⠁█▒▒░░░░░░░░░░░┊░░░░░░░░░░░░░▒▒▒▒▒▒▒▒▒▒▒▒▒▒▒▒▒▒▒▒▒▒▒▒▒▒▒▒▒▒▒▒▒▒▒▒▒▒▒││  salary 46% · Social Security 36% · pension 16%│
│      │▒░░░░░░░░░░░░░░░┊░░░░░░░░░░░░░░░░░░░░░░▒▒▒▒▒▒▒▒▒▒▒▒▒▒▒▒▒▒▒▒▒▒▒▒▒▒▒▒▒▒││  · other 3%                                    │
│      │░░░░░░░░░░░░░░░░┊░░░░░░░░░░░░░░░░░░░░░░░░░░░░░░░░░▒▒▒▒▒▒▒▒▒▒▒▒▒▒▒▒▒▒▒│╰────────────────────────────────────────────────╯
│      │░░░░░░░░░░░░░░▓░┊░░░░░░░░░░░░░░░░░░░░░░░░░░░░░░░░░░░░░░░░░░▒▒▒▒▒▒▒▒▒▒│╭ Rests on ──────────────────────────────────────╮
│      │░░░░░░░▓▓▓▓▓▓▓▓▓┊▓░░░░░░░░░░░░░░░░░░░░░░░░░░░░░░░░░░░░░░░░░░░░░░░░▒▒▒││▏ Runs through   2074 · to age 95               │
│      │▓▓▓▓▓▓▓▓▓▓▓▓▓▓▓▓┊▓▓▓▓░░░░░░░░░░░░░░░░░░░░░░░░░░░░░░░░░░░░░░░░░░░░░░░░││  Inflation      2.5%                           │
│0     │▓▓▓▓▓▓▓▓▓▓▓▓▓▓▓▓┊▓▓▓▓▓▓▓░░░░░░░░░░░░░░░░░░░░░░░░░░░░░░░░░░░░░░░░░░░░░││  Returns        stocks 6%, bonds 4%, cash 2.5% │
│      └─────────────────────────────────────────────────────────────────────││  Filing status  Married filing jointly         │
│   2026           retire 2037          2050                             2074││  Lives in       Oregon                         │
│▓▓ taxable  ░░ pre-tax  ▒▒ Roth  ██ HSA  ── Net worth                       ││  Success is     Never running short            │
╰────────────────────────────────────────────────────────────────────────────╯╰────────────────────────────────────────────────╯
 ⏎ markets  ⇥ pane  v chart  e edit  ctrl-s save  r reload  q quit  ctrl-↓ tab  n dollars                    : commands  ? help
